[symonmk.com/index.html]
[backblue.gif]
[fade.gif]
[index.html]
[symonmk.com/wp-content/uploads/2018/03/Symon-300x300.png]
[symonmk.com/comments/feed/index.html]
[symonmk.com/linkid.js]
[symonmk.com/wp-content/plugins/wp-quicklatex/css/quicklatex-format1845.css]
[symonmk.com/wp-content/themes/astrid/css/bootstrap/bootstrap.min68b3.css]
[symonmk.com/wp-content/themes/astrid/style1845.css]
[symonmk.com/wp-content/themes/astrid/fonts/font-awesome.min1845.css]
[symonmk.com/wp-content/plugins/jetpack/css/jetpack271b.css]
[symonmk.com/wp-includes/js/jquery/jquery-migrate.min330a.js]
[symonmk.com/wp-content/plugins/google-analytics-for-wordpress/assets/js/frontend.min40dd.js]
[symonmk.com/wp-includes/js/jquery/jqueryb8ff.js]
[symonmk.com/feed/index.html]
[symonmk.com/wp-content/plugins/jetpack/_inc/build/spin.min4e44.js]
[symonmk.com/wp-content/plugins/jetpack/_inc/build/jquery.spin.min4e44.js]
[symonmk.com/wp-content/plugins/wp-quicklatex/js/wp-quicklatex-frontend5152.js]
[symonmk.com/wp-includes/wlwmanifest.xml]
[symonmk.com/xmlrpc0db0.php]
[symonmk.com/wp-json/index.html]
[symonmk.com/wp-json/oembed/1.0/embed6f12.json]
[symonmk.com/wp-json/oembed/1.0/embed3f92]
[symonmk.com/wp-content/plugins/jetpack/_inc/build/photon/photon.minb3d9.js]
[symonmk.com/wp-content/plugins/jetpack/modules/wpgroho1845.js]
[symonmk.com/blog/index.html]
[symonmk.com/resume/index.html]
[symonmk.com/wp-content/themes/astrid/js/main1845.js]
[symonmk.com/wp-content/themes/astrid/js/scripts.min1845.js]
[symonmk.com/wp-content/plugins/jetpack/_inc/build/carousel/jetpack-carousel.mina4d5.js]
[symonmk.com/contact/index.html]
[symonmk.com/wp-includes/js/wp-embed.min1845.js]
[symonmk.com/index.html]
[symonmk.com/fpgas-digital-communications/index.html]
[symonmk.com/ultimate-broadcast-facility/index.html]
[symonmk.com/xmlrpc.php]
[symonmk.com/off-grid-communications-for-the-masses-smart-metering/index.html]
[symonmk.com/design-wireless-systems/index.html]
[symonmk.com/linkid.html]
[symonmk.com/intro-computer-vision/index.html]
[symonmk.com/wp-content/plugins/wp-quicklatex/css/quicklatex-format1845.css]
[symonmk.com/category/broadcast/index.html]
[symonmk.com/wp-content/themes/astrid/css/bootstrap/bootstrap.min68b3.css]
[symonmk.com/category/conferences-and-seminars/index.html]
[symonmk.com/wp-content/themes/astrid/style1845.css]
[symonmk.com/category/communication/index.html]
[symonmk.com/category/engineering/index.html]
[symonmk.com/category/programming/index.html]
[symonmk.com/wp-content/themes/astrid/fonts/fontawesome-webfont3295.eot]
[symonmk.com/wp-content/themes/astrid/fonts/fontawesome-webfontd41d.eot]
[symonmk.com/category/projects/index.html]
[symonmk.com/category/research/index.html]
[symonmk.com/wp-content/themes/astrid/fonts/fontawesome-webfont3295.woff]
[symonmk.com/wp-content/themes/astrid/fonts/fontawesome-webfont3295.ttf]
[symonmk.com/wp-content/themes/astrid/fonts/font-awesome.min1845.css]
[symonmk.com/wp-content/themes/astrid/fonts/fontawesome-webfont3295.woff2]
[symonmk.com/wp-content/plugins/jetpack/modules/carousel/images/arrows.png]
[symonmk.com/category/signals/index.html]
[symonmk.com/wp-content/plugins/jetpack/modules/carousel/images/arrows-2x.png]
[symonmk.com/wp-content/plugins/jetpack/modules/carousel/images/carousel-spritee4da.png]
[symonmk.com/category/skills/index.html]
[symonmk.com/wp-content/plugins/jetpack/modules/carousel/images/carousel-sprite-2xe4da.png]
[symonmk.com/category/uncategorized/index.html]
[symonmk.com/wp-content/plugins/jetpack/modules/shortcodes/img/slideshow-controls.png]
[symonmk.com/2018/05/index.html]
[symonmk.com/category/work/index.html]
[symonmk.com/wp-content/plugins/jetpack/modules/shortcodes/img/slideshow-controls-2x.png]
[symonmk.com/2018/04/index.html]
[symonmk.com/wp-content/plugins/jetpack/modules/shortcodes/images/slide-nav.png]
[symonmk.com/wp-content/plugins/jetpack/modules/shortcodes/images/expand.png]
[symonmk.com/2017/12/index.html]
[symonmk.com/2018/01/index.html]
[symonmk.com/2018/03/index.html]
[symonmk.com/wp-content/plugins/jetpack/modules/shortcodes/images/collapse.png]
[symonmk.com/wp-content/plugins/jetpack/css/jetpack271b.css]
[symonmk.com/2018/02/index.html]
[symonmk.com/2017/11/index.html]
[symonmk.com/2017/08/index.html]
[symonmk.com/2017/09/index.html]
[symonmk.com/blog/linkid.js]
[symonmk.com/2017/07/index.html]
[symonmk.com/blog/index.html]
[symonmk.com/2017/05/index.html]
[symonmk.com/2017/04/index.html]
[symonmk.com/2017/03/index.html]
[symonmk.com/blog/page/2/index.html]
[symonmk.com/resume/linkid.js]
[symonmk.com/what-systems-engineer-do/index.html]
[symonmk.com/future-trends/index.html]
[symonmk.com/audio-quality-consistency/index.html]
[symonmk.com/wp-json/oembed/1.0/embed95fa.json]
[symonmk.com/resume/index.html]
[symonmk.com/wp-json/oembed/1.0/embed2ad1]
[symonmk.com/contact/linkid.js]
[symonmk.com/broadcast-systems-engineer/index.html]
[symonmk.com/choosing-an-automation-playout/index.html]
[symonmk.com/wp-json/oembed/1.0/embedf359.json]
[symonmk.com/visual-radio/index.html]
[symonmk.com/wp-json/oembed/1.0/embedf589]
[symonmk.com/quick-guide-radio-transmission/index.html]
[symonmk.com/wp-includes/css/dashicons.min1845.css]
[symonmk.com/strongest-microwave-links/index.html]
[symonmk.com/wp-content/plugins/ninja-forms/assets/css/display-structure1845.css]
[symonmk.com/5g-4-key-technologies/index.html]
[symonmk.com/wp-includes/js/underscore.min4511.js]
[symonmk.com/wp-includes/js/backbone.min9632.js]
[symonmk.com/wp-content/plugins/ninja-forms/assets/js/min/front-end-depsc5af.js]
[symonmk.com/contact/index.html]
[symonmk.com/wp-content/plugins/ninja-forms/assets/js/min/front-endc5af.js]
[symonmk.com/wp-content/uploads/2018/05/fpgas-3.png]
[symonmk.com/fpgas-digital-communications/linkid.js]
[symonmk.com/fpgas-digital-communications/feed/index.html]
[symonmk.com/wp-content/plugins/jetpack/_inc/social-logos/social-logos.min68b3.css]
[symonmk.com/wp-content/plugins/jetpack/_inc/build/related-posts/related-posts.min7f79.js]
[symonmk.com/wp-json/oembed/1.0/embed411a.json]
[symonmk.com/wp-json/oembed/1.0/embed4050]
[symonmk.com/wp-includes/js/comment-reply.min1845.js]
[symonmk.com/wp-content/plugins/jetpack/_inc/build/postmessage.min271b.js]
[symonmk.com/wp-content/plugins/jetpack/_inc/build/jquery.jetpack-resize.min271b.js]
[symonmk.com/fpgas-digital-communications/index.html]
[symonmk.com/wp-content/plugins/jetpack/_inc/build/likes/queuehandler.min271b.js]
[symonmk.com/wp-content/plugins/jetpack/_inc/build/sharedaddy/sharing.min271b.js]
[symonmk.com/wp-content/uploads/2018/05/ultimate-facility-1.png]
[symonmk.com/ultimate-broadcast-facility/feed/index.html]
[symonmk.com/ultimate-broadcast-facility/linkid.js]
[symonmk.com/wp-json/oembed/1.0/embedc331.json]
[symonmk.com/ultimate-broadcast-facility/index.html]
[symonmk.com/wp-content/uploads/2018/04/smart-metering.png]
[symonmk.com/wp-json/oembed/1.0/embedfc3f]
[symonmk.com/off-grid-communications-for-the-masses-smart-metering/feed/index.html]
[symonmk.com/off-grid-communications-for-the-masses-smart-metering/linkid.44.delayed]
[symonmk.com/wp-json/oembed/1.0/embedeadf.json]
[symonmk.com/wp-json/oembed/1.0/embed61a2]
[symonmk.com/wp-content/plugins/syntaxhighlighter/syntaxhighlighter3/scripts/shCore09b1.js]
[symonmk.com/wp-content/plugins/syntaxhighlighter/syntaxhighlighter3/scripts/shBrushJScript09b1.js]
[symonmk.com/wp-content/plugins/syntaxhighlighter/syntaxhighlighter3/styles/shCore09b1.css]
[symonmk.com/wp-content/plugins/syntaxhighlighter/syntaxhighlighter3/styles/shThemeDefault09b1.css]
[symonmk.com/off-grid-communications-for-the-masses-smart-metering/index.html]
[symonmk.com/using-kicad-eda-to-build-electronic-components-and-design-schematics/index.html]
[symonmk.com/wp-content/uploads/2018/04/design-wireless.png]
[symonmk.com/design-wireless-systems/linkid.js]
[symonmk.com/design-wireless-systems/feed/index.html]
[symonmk.com/wp-json/oembed/1.0/embedb203.json]
[symonmk.com/wp-json/oembed/1.0/embed10c5]
[symonmk.com/wp-content/plugins/syntaxhighlighter/third-party-brushes/shBrushMatlabKey458b.js]
[symonmk.com/design-wireless-systems/index.html]
[symonmk.com/recognizing-ndiyo-and-hapana-speech-using-matlab-algorithms-and-fft-functions/index.html]
[symonmk.com/wp-content/uploads/2018/04/computer-vision.png]
[symonmk.com/intro-computer-vision/linkid.js]
[symonmk.com/intro-computer-vision/feed/index.html]
[symonmk.com/wp-json/oembed/1.0/embed0ed9.json]
[symonmk.com/wp-json/oembed/1.0/embedd8a9]
[symonmk.com/intro-computer-vision/index.html]
[symonmk.com/category/broadcast/linkid.js]
[symonmk.com/category/broadcast/index.html]
[symonmk.com/category/broadcast/feed/index.html]
[symonmk.com/sound-decisions-on-acoustics/index.html]
[symonmk.com/category/communication/linkid.js]
[symonmk.com/category/communication/index.html]
[symonmk.com/category/conferences-and-seminars/linkid.56.delayed]
[symonmk.com/category/conferences-and-seminars/index.html]
[symonmk.com/understanding-satellite-earth-stations/index.html]
[symonmk.com/final-year-school-project-introduction-to-the-project/index.html]
[symonmk.com/category/engineering/linkid.js]
[symonmk.com/category/engineering/page/2/index.html]
[symonmk.com/category/engineering/index.html]
[symonmk.com/category/communication/feed/index.html]
[symonmk.com/category/conferences-and-seminars/feed/index.html]
[symonmk.com/category/programming/linkid.js]
[symonmk.com/category/programming/index.html]
[symonmk.com/category/programming/feed/index.html]
[symonmk.com/category/projects/linkid.js]
[symonmk.com/category/projects/index.html]
[symonmk.com/category/projects/feed/index.html]
[symonmk.com/category/research/linkid.js]
[symonmk.com/category/research/index.html]
[symonmk.com/category/engineering/feed/index.html]
[symonmk.com/category/research/page/2/index.html]
[symonmk.com/category/signals/linkid.js]
[symonmk.com/category/signals/index.html]
[symonmk.com/category/skills/linkid.js]
[symonmk.com/category/skills/index.html]
[symonmk.com/category/skills/feed/index.html]
[symonmk.com/category/signals/feed/index.html]
[symonmk.com/ten-essential-skills-for-electrical-engineers-by-barry-l-dorr-chapter-10-part-1-summary/index.html]
[symonmk.com/category/research/feed/index.html]
[symonmk.com/category/uncategorized/feed/index.html]
[symonmk.com/category/uncategorized/linkid.js]
[symonmk.com/category/uncategorized/index.html]
[symonmk.com/category/work/linkid.js]
[symonmk.com/category/work/index.html]
[symonmk.com/hello-anyone-here/index.html]
[symonmk.com/category/work/feed/index.html]
[symonmk.com/2018/05/linkid.js]
[symonmk.com/2018/05/index.html]
[symonmk.com/2018/04/linkid.js]
[symonmk.com/2018/04/index.html]
[symonmk.com/2018/03/linkid.js]
[symonmk.com/2018/03/index.html]
[symonmk.com/2018/02/linkid.js]
[symonmk.com/2018/02/index.html]
[symonmk.com/2018/01/linkid.js]
[symonmk.com/2018/01/index.html]
[symonmk.com/2017/12/linkid.js]
[symonmk.com/2017/12/index.html]
[symonmk.com/2017/11/linkid.js]
[symonmk.com/2017/11/index.html]
[symonmk.com/2017/09/linkid.js]
[symonmk.com/2017/09/index.html]
[symonmk.com/2017/08/linkid.js]
[symonmk.com/2017/08/index.html]
[symonmk.com/2017/07/linkid.js]
[symonmk.com/2017/07/index.html]
[symonmk.com/2017/05/linkid.js]
[symonmk.com/2017/05/index.html]
[symonmk.com/2017/04/linkid.js]
[symonmk.com/2017/04/index.html]
[symonmk.com/2017/03/linkid.js]
[symonmk.com/2017/03/index.html]
[symonmk.com/wp-content/themes/astrid/fonts/fontawesome-webfont3295.svg]
[symonmk.com/blog/page/2/linkid.js]
[symonmk.com/blog/page/2/index.html]
[symonmk.com/blog/linkid.html]
[symonmk.com/author/symonmk/index.html]
[symonmk.com/blog/page/3/index.html]
[symonmk.com/wp-content/uploads/2018/03/systems-engineer-1.png]
[symonmk.com/what-systems-engineer-do/feed/index.html]
[symonmk.com/what-systems-engineer-do/linkid.js]
[symonmk.com/wp-json/oembed/1.0/embed95d8.json]
[symonmk.com/what-systems-engineer-do/index.html]
[symonmk.com/wp-json/oembed/1.0/embedd1be]
[symonmk.com/wp-content/uploads/2018/03/future-trends.png]
[symonmk.com/future-trends/feed/index.html]
[symonmk.com/future-trends/linkid.js]
[symonmk.com/wp-json/oembed/1.0/embed4635.json]
[symonmk.com/future-trends/index.html]
[symonmk.com/wp-content/uploads/2018/02/Microwave-Link.png]
[symonmk.com/wp-json/oembed/1.0/embed52b0]
[symonmk.com/strongest-microwave-links/feed/index.html]
[symonmk.com/strongest-microwave-links/linkid.76.delayed]
[symonmk.com/wp-json/oembed/1.0/embed81ee.json]
[symonmk.com/strongest-microwave-links/index.html]
[symonmk.com/wp-content/uploads/2018/02/audio-QC.png]
[symonmk.com/wp-json/oembed/1.0/embedc71a]
[symonmk.com/audio-quality-consistency/linkid.js]
[symonmk.com/audio-quality-consistency/feed/index.html]
[symonmk.com/wp-json/oembed/1.0/embedcb15.json]
[symonmk.com/wp-json/oembed/1.0/embed6b0a]
[symonmk.com/audio-quality-consistency/index.html]
[symonmk.com/wp-content/uploads/2018/01/5G.png]
[symonmk.com/5g-4-key-technologies/linkid.7e.delayed]
[symonmk.com/5g-4-key-technologies/feed/index.html]
[symonmk.com/wp-json/oembed/1.0/embedf658.json]
[symonmk.com/5g-4-key-technologies/index.html]
[symonmk.com/resume/linkid.html]
[symonmk.com/wp-content/uploads/2017/08/broadcast-440x250.jpg]
[symonmk.com/wp-json/oembed/1.0/embed415e]
[symonmk.com/broadcast-systems-engineer/feed/index.html]
[symonmk.com/broadcast-systems-engineer/linkid.js]
[symonmk.com/wp-json/oembed/1.0/embed8b24.json]
[symonmk.com/broadcast-systems-engineer/index.html]
[symonmk.com/wp-json/oembed/1.0/embed8da9]
[symonmk.com/wp-content/uploads/2017/11/playout1.png]
[symonmk.com/choosing-an-automation-playout/linkid.js]
[symonmk.com/choosing-an-automation-playout/feed/index.html]
[symonmk.com/wp-json/oembed/1.0/embedbc43.json]
[symonmk.com/choosing-an-automation-playout/index.html]
[symonmk.com/wp-content/uploads/2017/09/20170824_210836.jpg]
[symonmk.com/wp-json/oembed/1.0/embed6c47]
[symonmk.com/visual-radio/linkid.js]
[symonmk.com/visual-radio/feed/index.html]
[symonmk.com/wp-json/oembed/1.0/embedae45.json]
[symonmk.com/wp-json/oembed/1.0/embedb151]
[symonmk.com/visual-radio/index.html]
[symonmk.com/wp-content/uploads/2018/01/Q-G-Radio-TX.png]
[symonmk.com/quick-guide-radio-transmission/linkid.8e.delayed]
[symonmk.com/quick-guide-radio-transmission/feed/index.html]
[symonmk.com/wp-json/oembed/1.0/embed9952.json]
[symonmk.com/wp-json/oembed/1.0/embed165c]
[symonmk.com/quick-guide-radio-transmission/index.html]
[symonmk.com/contact/linkid.html]
[symonmk.com/wp-includes/fonts/dashicons.eot]
[symonmk.com/wp-includes/css/dashicons.min1845.css]
[symonmk.com/wp-content/plugins/ninja-forms/assets/img/help-info.png]
[symonmk.com/wp-content/plugins/ninja-forms/assets/css/display-structure1845.css]
[symonmk.com/fpgas-digital-communications/linkid.html]
[symonmk.com/wp-content/plugins/jetpack/_inc/social-logos/social-logos6de4.eot]
[symonmk.com/wp-content/plugins/jetpack/_inc/social-logos/social-logosd41d.eot]
[symonmk.com/wp-content/plugins/jetpack/_inc/social-logos/social-logos6de4.ttf]
[symonmk.com/wp-content/plugins/jetpack/_inc/social-logos/social-logos.min68b3.css]
[symonmk.com/ultimate-broadcast-facility/linkid.html]
[symonmk.com/off-grid-communications-for-the-masses-smart-metering/linkid.html]
[symonmk.com/wp-content/uploads/2017/03/making-si4463-lib-on-kicad.png]
[symonmk.com/wp-content/uploads/2017/03/hc-12-schematic.png]
[symonmk.com/using-kicad-eda-to-build-electronic-components-and-design-schematics/linkid.js]
[symonmk.com/using-kicad-eda-to-build-electronic-components-and-design-schematics/feed/index.html]
[symonmk.com/wp-json/oembed/1.0/embed7037.json]
[symonmk.com/wp-json/oembed/1.0/embedc2cb]
[symonmk.com/using-kicad-eda-to-build-electronic-components-and-design-schematics/index.html]
[symonmk.com/wp-content/plugins/syntaxhighlighter/syntaxhighlighter3/styles/shCore09b1.css]
[symonmk.com/wp-content/plugins/syntaxhighlighter/syntaxhighlighter3/styles/shThemeDefault09b1.css]
[symonmk.com/design-wireless-systems/linkid.html]
[symonmk.com/wp-content/uploads/2017/07/speech-recognition.jpg]
[symonmk.com/recognizing-ndiyo-and-hapana-speech-using-matlab-algorithms-and-fft-functions/linkid.9c.delayed]
[symonmk.com/recognizing-ndiyo-and-hapana-speech-using-matlab-algorithms-and-fft-functions/feed/index.html]
[symonmk.com/wp-json/oembed/1.0/embed3033.json]
[symonmk.com/recognizing-ndiyo-and-hapana-speech-using-matlab-algorithms-and-fft-functions/index.html]
[symonmk.com/intro-computer-vision/linkid.html]
[symonmk.com/category/broadcast/linkid.html]
[symonmk.com/wp-content/uploads/2017/12/acoustics.png]
[symonmk.com/wp-json/oembed/1.0/embedf8a4]
[symonmk.com/sound-decisions-on-acoustics/feed/index.html]
[symonmk.com/sound-decisions-on-acoustics/linkid.js]
[symonmk.com/wp-json/oembed/1.0/embedffef.json]
[symonmk.com/sound-decisions-on-acoustics/index.html]
[symonmk.com/category/communication/linkid.html]
[symonmk.com/wp-content/uploads/2017/07/longonot_station.jpg]
[symonmk.com/wp-json/oembed/1.0/embed7ea7]
[symonmk.com/understanding-satellite-earth-stations/feed/index.html]
[symonmk.com/understanding-satellite-earth-stations/linkid.a4.delayed]
[symonmk.com/wp-json/oembed/1.0/embedc1d8.json]
[symonmk.com/understanding-satellite-earth-stations/index.html]
[symonmk.com/wp-json/oembed/1.0/embedbf4d]
[symonmk.com/final-year-school-project-introduction-to-the-project/feed/index.html]
[symonmk.com/final-year-school-project-introduction-to-the-project/linkid.js]
[symonmk.com/wp-json/oembed/1.0/embedea9d.json]
[symonmk.com/final-year-school-project-introduction-to-the-project/index.html]
[symonmk.com/category/conferences-and-seminars/linkid.html]
[symonmk.com/wp-json/oembed/1.0/embeddf6b]
[symonmk.com/category/engineering/page/2/linkid.aa.delayed]
[symonmk.com/category/engineering/page/2/index.html]
[symonmk.com/category/engineering/linkid.html]
[symonmk.com/category/programming/linkid.html]
[symonmk.com/category/projects/linkid.html]
[symonmk.com/category/research/page/2/linkid.js]
[symonmk.com/category/research/page/2/index.html]
[symonmk.com/category/research/linkid.html]
[symonmk.com/category/signals/linkid.html]
[symonmk.com/category/skills/linkid.html]
[symonmk.com/wp-content/uploads/2017/05/interview.jpg]
[symonmk.com/ten-essential-skills-for-electrical-engineers-by-barry-l-dorr-chapter-10-part-1-summary/linkid.js]
[symonmk.com/ten-essential-skills-for-electrical-engineers-by-barry-l-dorr-chapter-10-part-1-summary/feed/index.html]
[symonmk.com/wp-json/oembed/1.0/embed26f2.json]
[symonmk.com/ten-essential-skills-for-electrical-engineers-by-barry-l-dorr-chapter-10-part-1-summary/index.html]
[symonmk.com/category/uncategorized/linkid.html]
[symonmk.com/wp-json/oembed/1.0/embed4064]
[symonmk.com/hello-anyone-here/linkid.js]
[symonmk.com/hello-anyone-here/feed/index.html]
[symonmk.com/wp-json/oembed/1.0/embed4b48.json]
[symonmk.com/hello-anyone-here/index.html]
[symonmk.com/category/work/linkid.html]
[symonmk.com/2018/05/linkid.html]
[symonmk.com/2018/04/linkid.html]
[symonmk.com/2018/03/linkid.html]
[symonmk.com/2018/02/linkid.html]
[symonmk.com/2018/01/linkid.html]
[symonmk.com/2017/12/linkid.html]
[symonmk.com/2017/11/linkid.html]
[symonmk.com/2017/09/linkid.html]
[symonmk.com/2017/08/linkid.html]
[symonmk.com/2017/07/linkid.html]
[symonmk.com/2017/05/linkid.html]
[symonmk.com/2017/04/linkid.html]
[symonmk.com/2017/03/linkid.html]
[symonmk.com/wp-json/oembed/1.0/embed7846]
[symonmk.com/blog/page/3/linkid.js]
[symonmk.com/blog/page/3/index.html]
[symonmk.com/blog/page/2/linkid.html]
[symonmk.com/what-systems-engineer-do/linkid.html]
[symonmk.com/future-trends/linkid.html]
[symonmk.com/strongest-microwave-links/linkid.html]
[symonmk.com/audio-quality-consistency/linkid.html]
[symonmk.com/5g-4-key-technologies/linkid.html]
[symonmk.com/broadcast-systems-engineer/linkid.html]
[symonmk.com/choosing-an-automation-playout/linkid.html]
[symonmk.com/visual-radio/linkid.html]
[symonmk.com/quick-guide-radio-transmission/linkid.html]
[symonmk.com/using-kicad-eda-to-build-electronic-components-and-design-schematics/linkid.html]
[symonmk.com/recognizing-ndiyo-and-hapana-speech-using-matlab-algorithms-and-fft-functions/linkid.html]
[symonmk.com/sound-decisions-on-acoustics/linkid.html]
[symonmk.com/understanding-satellite-earth-stations/linkid.html]
[symonmk.com/final-year-school-project-introduction-to-the-project/linkid.html]
[symonmk.com/category/engineering/page/2/linkid.html]
[symonmk.com/category/research/page/2/linkid.html]
[symonmk.com/ten-essential-skills-for-electrical-engineers-by-barry-l-dorr-chapter-10-part-1-summary/linkid.html]
[symonmk.com/hello-anyone-here/linkid.html]
[symonmk.com/blog/page/3/linkid.html]
